version.txt
Created Fri Mar 23 10:40:46 AKDT 2018
Copyright (C) 2018 by Raymond E. Marcil <marcilr@gmail.com>


Ruby on rails version


$ rails --version
Rails 5.1.4
$


Ruby
====
$ ruby -v
ruby 2.3.3p222 (2016-11-21) [x86_64-linux-gnu]
$

$ type ruby
ruby is hashed (/usr/bin/ruby)
$


Ruby was installed from debian package:
$ dpkg -l | grep ruby
ii  libruby2.1:amd64       2.1.5-2+deb8u3   amd64   Libraries necessary to run Ruby 2.1
ii  libruby2.3:amd64       2.3.3-1+deb9u2   amd64   Libraries necessary to run Ruby 2.3
ii  rake                   10.5.0-2         all     ruby make-like utility
ii  ruby                   1:2.3.3          amd64   Interpreter of object-oriented scripting language Ruby (default version)
ii  ruby-curb              0.9.3-1          amd64   Ruby libcurl bindings
ii  ruby-dev:amd64         1:2.3.3          amd64   Header files for compiling extension modules for Ruby (default version)
ii  ruby-did-you-mean      1.0.0-2          all     smart error messages for Ruby > 2.3
ii  ruby-minitest          5.9.0-1          all     Ruby test tools supporting TDD, BDD, mocking, and benchmarking
ii  ruby-net-telnet        0.1.1-2          all     telnet client library
ii  ruby-power-assert      0.3.0-1          all     library showing values of variables and method calls in an expression
ii  ruby-test-unit         3.1.7-2          all     unit testing framework for Ruby
ii  ruby2.1                2.1.5-2+deb8u3   amd64   Interpreter of object-oriented scripting language Ruby
ii  ruby2.3                2.3.3-1+deb9u2   amd64   Interpreter of object-oriented scripting language Ruby
ii  ruby2.3-dev:amd64      2.3.3-1+deb9u2   amd64   Header files for compiling extension modules for the Ruby 2.3
ii  rubygems-integration   1.11             all     integration of Debian Ruby packages with Rubygems
$


SQLite3
=======
$ sqlite3 --version
3.16.2 2017-01-06 16:32:41 a65a62893ca8319e89e48b8a38cf8a59c69a8209
$ 




Links
=====
SQLite3
https://www.sqlite.org/
